Archive member included because of file (symbol)

/usr/local/CrossPack-AVR-20120217/lib/gcc/avr/4.5.1/avr25/libgcc.a(_exit.o)
                              /usr/local/CrossPack-AVR-20120217/lib/gcc/avr/4.5.1/../../../../avr/lib/avr25/crttn85.o (exit)
/usr/local/CrossPack-AVR-20120217/lib/gcc/avr/4.5.1/avr25/libgcc.a(_copy_data.o)
                              ./main.o (__do_copy_data)
/usr/local/CrossPack-AVR-20120217/lib/gcc/avr/4.5.1/avr25/libgcc.a(_clear_bss.o)
                              ./main.o (__do_clear_bss)
/usr/local/CrossPack-AVR-20120217/lib/gcc/avr/4.5.1/avr25/libgcc.a(_fixunssfsi.o)
                              ./main.o (__fixunssfsi)
/usr/local/CrossPack-AVR-20120217/lib/gcc/avr/4.5.1/avr25/libgcc.a(_addsub_sf.o)
                              /usr/local/CrossPack-AVR-20120217/lib/gcc/avr/4.5.1/avr25/libgcc.a(_fixunssfsi.o) (__subsf3)
/usr/local/CrossPack-AVR-20120217/lib/gcc/avr/4.5.1/avr25/libgcc.a(_mul_sf.o)
                              ./main.o (__mulsf3)
/usr/local/CrossPack-AVR-20120217/lib/gcc/avr/4.5.1/avr25/libgcc.a(_gt_sf.o)
                              ./main.o (__gtsf2)
/usr/local/CrossPack-AVR-20120217/lib/gcc/avr/4.5.1/avr25/libgcc.a(_ge_sf.o)
                              /usr/local/CrossPack-AVR-20120217/lib/gcc/avr/4.5.1/avr25/libgcc.a(_fixunssfsi.o) (__gesf2)
/usr/local/CrossPack-AVR-20120217/lib/gcc/avr/4.5.1/avr25/libgcc.a(_lt_sf.o)
                              ./main.o (__ltsf2)
/usr/local/CrossPack-AVR-20120217/lib/gcc/avr/4.5.1/avr25/libgcc.a(_sf_to_si.o)
                              /usr/local/CrossPack-AVR-20120217/lib/gcc/avr/4.5.1/avr25/libgcc.a(_fixunssfsi.o) (__fixsfsi)
/usr/local/CrossPack-AVR-20120217/lib/gcc/avr/4.5.1/avr25/libgcc.a(_thenan_sf.o)
                              /usr/local/CrossPack-AVR-20120217/lib/gcc/avr/4.5.1/avr25/libgcc.a(_addsub_sf.o) (__thenan_sf)
/usr/local/CrossPack-AVR-20120217/lib/gcc/avr/4.5.1/avr25/libgcc.a(_prologue.o)
                              /usr/local/CrossPack-AVR-20120217/lib/gcc/avr/4.5.1/avr25/libgcc.a(_addsub_sf.o) (__prologue_saves__)
/usr/local/CrossPack-AVR-20120217/lib/gcc/avr/4.5.1/avr25/libgcc.a(_epilogue.o)
                              /usr/local/CrossPack-AVR-20120217/lib/gcc/avr/4.5.1/avr25/libgcc.a(_addsub_sf.o) (__epilogue_restores__)
/usr/local/CrossPack-AVR-20120217/lib/gcc/avr/4.5.1/avr25/libgcc.a(_pack_sf.o)
                              /usr/local/CrossPack-AVR-20120217/lib/gcc/avr/4.5.1/avr25/libgcc.a(_addsub_sf.o) (__pack_f)
/usr/local/CrossPack-AVR-20120217/lib/gcc/avr/4.5.1/avr25/libgcc.a(_unpack_sf.o)
                              /usr/local/CrossPack-AVR-20120217/lib/gcc/avr/4.5.1/avr25/libgcc.a(_addsub_sf.o) (__unpack_f)
/usr/local/CrossPack-AVR-20120217/lib/gcc/avr/4.5.1/avr25/libgcc.a(_fpcmp_parts_sf.o)
                              /usr/local/CrossPack-AVR-20120217/lib/gcc/avr/4.5.1/avr25/libgcc.a(_gt_sf.o) (__fpcmp_parts_f)
/usr/local/CrossPack-AVR-20120217/lib/gcc/avr/4.5.1/../../../../avr/lib/avr25/libc.a(itoa.o)
                              ./main.o (itoa)
/usr/local/CrossPack-AVR-20120217/lib/gcc/avr/4.5.1/../../../../avr/lib/avr25/libc.a(strrev.o)
                              /usr/local/CrossPack-AVR-20120217/lib/gcc/avr/4.5.1/../../../../avr/lib/avr25/libc.a(itoa.o) (strrev)
/usr/local/CrossPack-AVR-20120217/lib/gcc/avr/4.5.1/avr25/libgcc.a(_udivmodhi4.o)
                              /usr/local/CrossPack-AVR-20120217/lib/gcc/avr/4.5.1/../../../../avr/lib/avr25/libc.a(itoa.o) (__udivmodhi4)

Allocating common symbols
Common symbol       size              file

temp1               0x12              ./main.o

Memory Configuration

Name             Origin             Length             Attributes
text             0x00000000         0x00002000         xr
data             0x00800060         0x0000ffa0         rw !x
eeprom           0x00810000         0x00010000         rw !x
fuse             0x00820000         0x00000400         rw !x
lock             0x00830000         0x00000400         rw !x
signature        0x00840000         0x00000400         rw !x
*default*        0x00000000         0xffffffff

Linker script and memory map

LOAD /usr/local/CrossPack-AVR-20120217/lib/gcc/avr/4.5.1/../../../../avr/lib/avr25/crttn85.o
LOAD ./dbg_putchar.o
LOAD ./i2c.o
LOAD ./main.o
LOAD ./usiTwiSlave.o
LOAD /usr/local/CrossPack-AVR-20120217/lib/gcc/avr/4.5.1/avr25/libgcc.a
LOAD /usr/local/CrossPack-AVR-20120217/lib/gcc/avr/4.5.1/../../../../avr/lib/avr25/libc.a
LOAD /usr/local/CrossPack-AVR-20120217/lib/gcc/avr/4.5.1/avr25/libgcc.a

.hash
 *(.hash)

.dynsym
 *(.dynsym)

.dynstr
 *(.dynstr)

.gnu.version
 *(.gnu.version)

.gnu.version_d
 *(.gnu.version_d)

.gnu.version_r
 *(.gnu.version_r)

.rel.init
 *(.rel.init)

.rela.init
 *(.rela.init)

.rel.text
 *(.rel.text)
 *(.rel.text.*)
 *(.rel.gnu.linkonce.t*)

.rela.text
 *(.rela.text)
 *(.rela.text.*)
 *(.rela.gnu.linkonce.t*)

.rel.fini
 *(.rel.fini)

.rela.fini
 *(.rela.fini)

.rel.rodata
 *(.rel.rodata)
 *(.rel.rodata.*)
 *(.rel.gnu.linkonce.r*)

.rela.rodata
 *(.rela.rodata)
 *(.rela.rodata.*)
 *(.rela.gnu.linkonce.r*)

.rel.data
 *(.rel.data)
 *(.rel.data.*)
 *(.rel.gnu.linkonce.d*)

.rela.data
 *(.rela.data)
 *(.rela.data.*)
 *(.rela.gnu.linkonce.d*)

.rel.ctors
 *(.rel.ctors)

.rela.ctors
 *(.rela.ctors)

.rel.dtors
 *(.rel.dtors)

.rela.dtors
 *(.rela.dtors)

.rel.got
 *(.rel.got)

.rela.got
 *(.rela.got)

.rel.bss
 *(.rel.bss)

.rela.bss
 *(.rela.bss)

.rel.plt
 *(.rel.plt)

.rela.plt
 *(.rela.plt)

.text           0x00000000     0x148c
 *(.vectors)
 .vectors       0x00000000       0x1e /usr/local/CrossPack-AVR-20120217/lib/gcc/avr/4.5.1/../../../../avr/lib/avr25/crttn85.o
                0x00000000                __vectors
                0x00000000                __vector_default
 *(.vectors)
 *(.progmem.gcc*)
 *(.progmem*)
                0x0000001e                . = ALIGN (0x2)
                0x0000001e                __trampolines_start = .
 *(.trampolines)
 .trampolines   0x0000001e        0x0 linker stubs
 *(.trampolines*)
                0x0000001e                __trampolines_end = .
 *(.jumptables)
 *(.jumptables*)
 *(.lowtext)
 *(.lowtext*)
                0x0000001e                __ctors_start = .
 *(.ctors)
                0x0000001e                __ctors_end = .
                0x0000001e                __dtors_start = .
 *(.dtors)
                0x0000001e                __dtors_end = .
 SORT(*)(.ctors)
 SORT(*)(.dtors)
 *(.init0)
 .init0         0x0000001e        0x0 /usr/local/CrossPack-AVR-20120217/lib/gcc/avr/4.5.1/../../../../avr/lib/avr25/crttn85.o
                0x0000001e                __init
 *(.init0)
 *(.init1)
 *(.init1)
 *(.init2)
 .init2         0x0000001e        0xc /usr/local/CrossPack-AVR-20120217/lib/gcc/avr/4.5.1/../../../../avr/lib/avr25/crttn85.o
 *(.init2)
 *(.init3)
 *(.init3)
 *(.init4)
 .init4         0x0000002a       0x16 /usr/local/CrossPack-AVR-20120217/lib/gcc/avr/4.5.1/avr25/libgcc.a(_copy_data.o)
                0x0000002a                __do_copy_data
 .init4         0x00000040       0x10 /usr/local/CrossPack-AVR-20120217/lib/gcc/avr/4.5.1/avr25/libgcc.a(_clear_bss.o)
                0x00000040                __do_clear_bss
 *(.init4)
 *(.init5)
 *(.init5)
 *(.init6)
 *(.init6)
 *(.init7)
 *(.init7)
 *(.init8)
 *(.init8)
 *(.init9)
 .init9         0x00000050        0x4 /usr/local/CrossPack-AVR-20120217/lib/gcc/avr/4.5.1/../../../../avr/lib/avr25/crttn85.o
 *(.init9)
 *(.text)
 .text          0x00000054        0x2 /usr/local/CrossPack-AVR-20120217/lib/gcc/avr/4.5.1/../../../../avr/lib/avr25/crttn85.o
                0x00000054                __vector_10
                0x00000054                __vector_12
                0x00000054                __bad_interrupt
                0x00000054                __vector_6
                0x00000054                __vector_3
                0x00000054                __vector_11
                0x00000054                __vector_7
                0x00000054                __vector_5
                0x00000054                __vector_4
                0x00000054                __vector_9
                0x00000054                __vector_2
                0x00000054                __vector_8
                0x00000054                __vector_1
 .text          0x00000056       0x84 ./dbg_putchar.o
                0x00000056                dbg_putchar
 .text          0x000000da        0x0 ./i2c.o
 .text          0x000000da      0x510 ./main.o
                0x000000da                main
                0x0000016c                potRead
                0x0000030c                i2cReadFromRegister
                0x00000356                i2cWriteToRegister
                0x000003f0                dbg_putstring
                0x0000044c                chipTempRaw
 .text          0x000005ea      0x380 ./usiTwiSlave.o
                0x000005ea                usiTwiSlaveInit
                0x0000068c                __vector_13
                0x0000073e                __vector_14
 .text          0x0000096a        0x0 /usr/local/CrossPack-AVR-20120217/lib/gcc/avr/4.5.1/avr25/libgcc.a(_exit.o)
 .text          0x0000096a        0x0 /usr/local/CrossPack-AVR-20120217/lib/gcc/avr/4.5.1/avr25/libgcc.a(_copy_data.o)
 .text          0x0000096a        0x0 /usr/local/CrossPack-AVR-20120217/lib/gcc/avr/4.5.1/avr25/libgcc.a(_clear_bss.o)
 .text          0x0000096a       0x50 /usr/local/CrossPack-AVR-20120217/lib/gcc/avr/4.5.1/avr25/libgcc.a(_fixunssfsi.o)
                0x0000096a                __fixunssfsi
 .text          0x000009ba      0x334 /usr/local/CrossPack-AVR-20120217/lib/gcc/avr/4.5.1/avr25/libgcc.a(_addsub_sf.o)
                0x00000c4a                __addsf3
                0x00000c98                __subsf3
 .text          0x00000cee      0x1ea /usr/local/CrossPack-AVR-20120217/lib/gcc/avr/4.5.1/avr25/libgcc.a(_mul_sf.o)
                0x00000cee                __mulsf3
 .text          0x00000ed8       0x56 /usr/local/CrossPack-AVR-20120217/lib/gcc/avr/4.5.1/avr25/libgcc.a(_gt_sf.o)
                0x00000ed8                __gtsf2
 .text          0x00000f2e       0x56 /usr/local/CrossPack-AVR-20120217/lib/gcc/avr/4.5.1/avr25/libgcc.a(_ge_sf.o)
                0x00000f2e                __gesf2
 .text          0x00000f84       0x56 /usr/local/CrossPack-AVR-20120217/lib/gcc/avr/4.5.1/avr25/libgcc.a(_lt_sf.o)
                0x00000f84                __ltsf2
 .text          0x00000fda       0x9e /usr/local/CrossPack-AVR-20120217/lib/gcc/avr/4.5.1/avr25/libgcc.a(_sf_to_si.o)
                0x00000fda                __fixsfsi
 .text          0x00001078        0x0 /usr/local/CrossPack-AVR-20120217/lib/gcc/avr/4.5.1/avr25/libgcc.a(_thenan_sf.o)
 .text          0x00001078        0x0 /usr/local/CrossPack-AVR-20120217/lib/gcc/avr/4.5.1/avr25/libgcc.a(_prologue.o)
 .text          0x00001078        0x0 /usr/local/CrossPack-AVR-20120217/lib/gcc/avr/4.5.1/avr25/libgcc.a(_epilogue.o)
 .text          0x00001078      0x198 /usr/local/CrossPack-AVR-20120217/lib/gcc/avr/4.5.1/avr25/libgcc.a(_pack_sf.o)
                0x00001078                __pack_f
 .text          0x00001210       0xd2 /usr/local/CrossPack-AVR-20120217/lib/gcc/avr/4.5.1/avr25/libgcc.a(_unpack_sf.o)
                0x00001210                __unpack_f
 .text          0x000012e2       0xb2 /usr/local/CrossPack-AVR-20120217/lib/gcc/avr/4.5.1/avr25/libgcc.a(_fpcmp_parts_sf.o)
                0x000012e2                __fpcmp_parts_f
 .text          0x00001394        0x0 /usr/local/CrossPack-AVR-20120217/lib/gcc/avr/4.5.1/../../../../avr/lib/avr25/libc.a(itoa.o)
 .text          0x00001394        0x0 /usr/local/CrossPack-AVR-20120217/lib/gcc/avr/4.5.1/../../../../avr/lib/avr25/libc.a(strrev.o)
 .text          0x00001394        0x0 /usr/local/CrossPack-AVR-20120217/lib/gcc/avr/4.5.1/avr25/libgcc.a(_udivmodhi4.o)
                0x00001394                . = ALIGN (0x2)
 *(.text.*)
 .text.libgcc   0x00001394        0x0 /usr/local/CrossPack-AVR-20120217/lib/gcc/avr/4.5.1/avr25/libgcc.a(_exit.o)
 .text.libgcc   0x00001394        0x0 /usr/local/CrossPack-AVR-20120217/lib/gcc/avr/4.5.1/avr25/libgcc.a(_copy_data.o)
 .text.libgcc   0x00001394        0x0 /usr/local/CrossPack-AVR-20120217/lib/gcc/avr/4.5.1/avr25/libgcc.a(_clear_bss.o)
 .text.libgcc   0x00001394       0x38 /usr/local/CrossPack-AVR-20120217/lib/gcc/avr/4.5.1/avr25/libgcc.a(_prologue.o)
                0x00001394                __prologue_saves__
 .text.libgcc   0x000013cc       0x36 /usr/local/CrossPack-AVR-20120217/lib/gcc/avr/4.5.1/avr25/libgcc.a(_epilogue.o)
                0x000013cc                __epilogue_restores__
 .text.avr-libc
                0x00001402       0x3e /usr/local/CrossPack-AVR-20120217/lib/gcc/avr/4.5.1/../../../../avr/lib/avr25/libc.a(itoa.o)
                0x00001402                itoa
 .text.avr-libc
                0x00001440       0x20 /usr/local/CrossPack-AVR-20120217/lib/gcc/avr/4.5.1/../../../../avr/lib/avr25/libc.a(strrev.o)
                0x00001440                strrev
 .text.libgcc   0x00001460       0x28 /usr/local/CrossPack-AVR-20120217/lib/gcc/avr/4.5.1/avr25/libgcc.a(_udivmodhi4.o)
                0x00001460                __udivmodhi4
                0x00001488                . = ALIGN (0x2)
 *(.fini9)
 .fini9         0x00001488        0x0 /usr/local/CrossPack-AVR-20120217/lib/gcc/avr/4.5.1/avr25/libgcc.a(_exit.o)
                0x00001488                exit
                0x00001488                _exit
 *(.fini9)
 *(.fini8)
 *(.fini8)
 *(.fini7)
 *(.fini7)
 *(.fini6)
 *(.fini6)
 *(.fini5)
 *(.fini5)
 *(.fini4)
 *(.fini4)
 *(.fini3)
 *(.fini3)
 *(.fini2)
 *(.fini2)
 *(.fini1)
 *(.fini1)
 *(.fini0)
 .fini0         0x00001488        0x4 /usr/local/CrossPack-AVR-20120217/lib/gcc/avr/4.5.1/avr25/libgcc.a(_exit.o)
 *(.fini0)
                0x0000148c                _etext = .

.data           0x00800060       0x1c load address 0x0000148c
                0x00800060                PROVIDE (__data_start, .)
 *(.data)
 .data          0x00800060        0x0 /usr/local/CrossPack-AVR-20120217/lib/gcc/avr/4.5.1/../../../../avr/lib/avr25/crttn85.o
 .data          0x00800060        0x0 ./dbg_putchar.o
 .data          0x00800060        0x0 ./i2c.o
 .data          0x00800060       0x12 ./main.o
 .data          0x00800072        0x1 ./usiTwiSlave.o
 .data          0x00800073        0x0 /usr/local/CrossPack-AVR-20120217/lib/gcc/avr/4.5.1/avr25/libgcc.a(_exit.o)
 .data          0x00800073        0x0 /usr/local/CrossPack-AVR-20120217/lib/gcc/avr/4.5.1/avr25/libgcc.a(_copy_data.o)
 .data          0x00800073        0x0 /usr/local/CrossPack-AVR-20120217/lib/gcc/avr/4.5.1/avr25/libgcc.a(_clear_bss.o)
 .data          0x00800073        0x0 /usr/local/CrossPack-AVR-20120217/lib/gcc/avr/4.5.1/avr25/libgcc.a(_fixunssfsi.o)
 .data          0x00800073        0x0 /usr/local/CrossPack-AVR-20120217/lib/gcc/avr/4.5.1/avr25/libgcc.a(_addsub_sf.o)
 .data          0x00800073        0x0 /usr/local/CrossPack-AVR-20120217/lib/gcc/avr/4.5.1/avr25/libgcc.a(_mul_sf.o)
 .data          0x00800073        0x0 /usr/local/CrossPack-AVR-20120217/lib/gcc/avr/4.5.1/avr25/libgcc.a(_gt_sf.o)
 .data          0x00800073        0x0 /usr/local/CrossPack-AVR-20120217/lib/gcc/avr/4.5.1/avr25/libgcc.a(_ge_sf.o)
 .data          0x00800073        0x0 /usr/local/CrossPack-AVR-20120217/lib/gcc/avr/4.5.1/avr25/libgcc.a(_lt_sf.o)
 .data          0x00800073        0x0 /usr/local/CrossPack-AVR-20120217/lib/gcc/avr/4.5.1/avr25/libgcc.a(_sf_to_si.o)
 .data          0x00800073        0x8 /usr/local/CrossPack-AVR-20120217/lib/gcc/avr/4.5.1/avr25/libgcc.a(_thenan_sf.o)
                0x00800073                __thenan_sf
 .data          0x0080007b        0x0 /usr/local/CrossPack-AVR-20120217/lib/gcc/avr/4.5.1/avr25/libgcc.a(_prologue.o)
 .data          0x0080007b        0x0 /usr/local/CrossPack-AVR-20120217/lib/gcc/avr/4.5.1/avr25/libgcc.a(_epilogue.o)
 .data          0x0080007b        0x0 /usr/local/CrossPack-AVR-20120217/lib/gcc/avr/4.5.1/avr25/libgcc.a(_pack_sf.o)
 .data          0x0080007b        0x0 /usr/local/CrossPack-AVR-20120217/lib/gcc/avr/4.5.1/avr25/libgcc.a(_unpack_sf.o)
 .data          0x0080007b        0x0 /usr/local/CrossPack-AVR-20120217/lib/gcc/avr/4.5.1/avr25/libgcc.a(_fpcmp_parts_sf.o)
 .data          0x0080007b        0x0 /usr/local/CrossPack-AVR-20120217/lib/gcc/avr/4.5.1/../../../../avr/lib/avr25/libc.a(itoa.o)
 .data          0x0080007b        0x0 /usr/local/CrossPack-AVR-20120217/lib/gcc/avr/4.5.1/../../../../avr/lib/avr25/libc.a(strrev.o)
 .data          0x0080007b        0x0 /usr/local/CrossPack-AVR-20120217/lib/gcc/avr/4.5.1/avr25/libgcc.a(_udivmodhi4.o)
 *(.data*)
 *(.rodata)
 *(.rodata*)
 *(.gnu.linkonce.d*)
                0x0080007c                . = ALIGN (0x2)
 *fill*         0x0080007b        0x1 00
                0x0080007c                _edata = .
                0x0080007c                PROVIDE (__data_end, .)

.bss            0x0080007c       0x1a
                0x0080007c                PROVIDE (__bss_start, .)
 *(.bss)
 .bss           0x0080007c        0x0 /usr/local/CrossPack-AVR-20120217/lib/gcc/avr/4.5.1/../../../../avr/lib/avr25/crttn85.o
 .bss           0x0080007c        0x0 ./dbg_putchar.o
 .bss           0x0080007c        0x0 ./i2c.o
 .bss           0x0080007c        0x2 ./main.o
 .bss           0x0080007e        0x6 ./usiTwiSlave.o
 .bss           0x00800084        0x0 /usr/local/CrossPack-AVR-20120217/lib/gcc/avr/4.5.1/avr25/libgcc.a(_exit.o)
 .bss           0x00800084        0x0 /usr/local/CrossPack-AVR-20120217/lib/gcc/avr/4.5.1/avr25/libgcc.a(_copy_data.o)
 .bss           0x00800084        0x0 /usr/local/CrossPack-AVR-20120217/lib/gcc/avr/4.5.1/avr25/libgcc.a(_clear_bss.o)
 .bss           0x00800084        0x0 /usr/local/CrossPack-AVR-20120217/lib/gcc/avr/4.5.1/avr25/libgcc.a(_fixunssfsi.o)
 .bss           0x00800084        0x0 /usr/local/CrossPack-AVR-20120217/lib/gcc/avr/4.5.1/avr25/libgcc.a(_addsub_sf.o)
 .bss           0x00800084        0x0 /usr/local/CrossPack-AVR-20120217/lib/gcc/avr/4.5.1/avr25/libgcc.a(_mul_sf.o)
 .bss           0x00800084        0x0 /usr/local/CrossPack-AVR-20120217/lib/gcc/avr/4.5.1/avr25/libgcc.a(_gt_sf.o)
 .bss           0x00800084        0x0 /usr/local/CrossPack-AVR-20120217/lib/gcc/avr/4.5.1/avr25/libgcc.a(_ge_sf.o)
 .bss           0x00800084        0x0 /usr/local/CrossPack-AVR-20120217/lib/gcc/avr/4.5.1/avr25/libgcc.a(_lt_sf.o)
 .bss           0x00800084        0x0 /usr/local/CrossPack-AVR-20120217/lib/gcc/avr/4.5.1/avr25/libgcc.a(_sf_to_si.o)
 .bss           0x00800084        0x0 /usr/local/CrossPack-AVR-20120217/lib/gcc/avr/4.5.1/avr25/libgcc.a(_thenan_sf.o)
 .bss           0x00800084        0x0 /usr/local/CrossPack-AVR-20120217/lib/gcc/avr/4.5.1/avr25/libgcc.a(_prologue.o)
 .bss           0x00800084        0x0 /usr/local/CrossPack-AVR-20120217/lib/gcc/avr/4.5.1/avr25/libgcc.a(_epilogue.o)
 .bss           0x00800084        0x0 /usr/local/CrossPack-AVR-20120217/lib/gcc/avr/4.5.1/avr25/libgcc.a(_pack_sf.o)
 .bss           0x00800084        0x0 /usr/local/CrossPack-AVR-20120217/lib/gcc/avr/4.5.1/avr25/libgcc.a(_unpack_sf.o)
 .bss           0x00800084        0x0 /usr/local/CrossPack-AVR-20120217/lib/gcc/avr/4.5.1/avr25/libgcc.a(_fpcmp_parts_sf.o)
 .bss           0x00800084        0x0 /usr/local/CrossPack-AVR-20120217/lib/gcc/avr/4.5.1/../../../../avr/lib/avr25/libc.a(itoa.o)
 .bss           0x00800084        0x0 /usr/local/CrossPack-AVR-20120217/lib/gcc/avr/4.5.1/../../../../avr/lib/avr25/libc.a(strrev.o)
 .bss           0x00800084        0x0 /usr/local/CrossPack-AVR-20120217/lib/gcc/avr/4.5.1/avr25/libgcc.a(_udivmodhi4.o)
 *(.bss*)
 *(COMMON)
 COMMON         0x00800084       0x12 ./main.o
                0x00800084                temp1
                0x00800096                PROVIDE (__bss_end, .)
                0x0000148c                __data_load_start = LOADADDR (.data)
                0x000014a8                __data_load_end = (__data_load_start + SIZEOF (.data))

.noinit         0x00800096        0x0
                0x00800096                PROVIDE (__noinit_start, .)
 *(.noinit*)
                0x00800096                PROVIDE (__noinit_end, .)
                0x00800096                _end = .
                0x00800096                PROVIDE (__heap_start, .)

.eeprom         0x00810000        0x0
 *(.eeprom*)
                0x00810000                __eeprom_end = .

.fuse
 *(.fuse)
 *(.lfuse)
 *(.hfuse)
 *(.efuse)

.lock
 *(.lock*)

.signature
 *(.signature*)

.stab           0x00000000     0x18d8
 *(.stab)
 .stab          0x00000000      0x6cc /usr/local/CrossPack-AVR-20120217/lib/gcc/avr/4.5.1/../../../../avr/lib/avr25/crttn85.o
 .stab          0x000006cc      0x384 ./dbg_putchar.o
                                0x390 (size before relaxing)
 .stab          0x00000a50       0xd8 ./i2c.o
                                 0xe4 (size before relaxing)
 .stab          0x00000b28      0x6b4 ./main.o
                                0x87c (size before relaxing)
 .stab          0x000011dc      0x474 ./usiTwiSlave.o
                                0x63c (size before relaxing)
 .stab          0x00001650      0x1b0 /usr/local/CrossPack-AVR-20120217/lib/gcc/avr/4.5.1/../../../../avr/lib/avr25/libc.a(itoa.o)
                                0x1bc (size before relaxing)
 .stab          0x00001800       0xd8 /usr/local/CrossPack-AVR-20120217/lib/gcc/avr/4.5.1/../../../../avr/lib/avr25/libc.a(strrev.o)
                                 0xe4 (size before relaxing)

.stabstr        0x00000000      0xe36
 *(.stabstr)
 .stabstr       0x00000000      0xe36 /usr/local/CrossPack-AVR-20120217/lib/gcc/avr/4.5.1/../../../../avr/lib/avr25/crttn85.o

.stab.excl
 *(.stab.excl)

.stab.exclstr
 *(.stab.exclstr)

.stab.index
 *(.stab.index)

.stab.indexstr
 *(.stab.indexstr)

.comment
 *(.comment)

.debug
 *(.debug)

.line
 *(.line)

.debug_srcinfo
 *(.debug_srcinfo)

.debug_sfnames
 *(.debug_sfnames)

.debug_aranges  0x00000000      0x140
 *(.debug_aranges)
 .debug_aranges
                0x00000000       0x20 /usr/local/CrossPack-AVR-20120217/lib/gcc/avr/4.5.1/avr25/libgcc.a(_fixunssfsi.o)
 .debug_aranges
                0x00000020       0x20 /usr/local/CrossPack-AVR-20120217/lib/gcc/avr/4.5.1/avr25/libgcc.a(_addsub_sf.o)
 .debug_aranges
                0x00000040       0x20 /usr/local/CrossPack-AVR-20120217/lib/gcc/avr/4.5.1/avr25/libgcc.a(_mul_sf.o)
 .debug_aranges
                0x00000060       0x20 /usr/local/CrossPack-AVR-20120217/lib/gcc/avr/4.5.1/avr25/libgcc.a(_gt_sf.o)
 .debug_aranges
                0x00000080       0x20 /usr/local/CrossPack-AVR-20120217/lib/gcc/avr/4.5.1/avr25/libgcc.a(_ge_sf.o)
 .debug_aranges
                0x000000a0       0x20 /usr/local/CrossPack-AVR-20120217/lib/gcc/avr/4.5.1/avr25/libgcc.a(_lt_sf.o)
 .debug_aranges
                0x000000c0       0x20 /usr/local/CrossPack-AVR-20120217/lib/gcc/avr/4.5.1/avr25/libgcc.a(_sf_to_si.o)
 .debug_aranges
                0x000000e0       0x20 /usr/local/CrossPack-AVR-20120217/lib/gcc/avr/4.5.1/avr25/libgcc.a(_pack_sf.o)
 .debug_aranges
                0x00000100       0x20 /usr/local/CrossPack-AVR-20120217/lib/gcc/avr/4.5.1/avr25/libgcc.a(_unpack_sf.o)
 .debug_aranges
                0x00000120       0x20 /usr/local/CrossPack-AVR-20120217/lib/gcc/avr/4.5.1/avr25/libgcc.a(_fpcmp_parts_sf.o)

.debug_pubnames
                0x00000000      0x170
 *(.debug_pubnames)
 .debug_pubnames
                0x00000000       0x23 /usr/local/CrossPack-AVR-20120217/lib/gcc/avr/4.5.1/avr25/libgcc.a(_fixunssfsi.o)
 .debug_pubnames
                0x00000023       0x2c /usr/local/CrossPack-AVR-20120217/lib/gcc/avr/4.5.1/avr25/libgcc.a(_addsub_sf.o)
 .debug_pubnames
                0x0000004f       0x1f /usr/local/CrossPack-AVR-20120217/lib/gcc/avr/4.5.1/avr25/libgcc.a(_mul_sf.o)
 .debug_pubnames
                0x0000006e       0x1e /usr/local/CrossPack-AVR-20120217/lib/gcc/avr/4.5.1/avr25/libgcc.a(_gt_sf.o)
 .debug_pubnames
                0x0000008c       0x1e /usr/local/CrossPack-AVR-20120217/lib/gcc/avr/4.5.1/avr25/libgcc.a(_ge_sf.o)
 .debug_pubnames
                0x000000aa       0x1e /usr/local/CrossPack-AVR-20120217/lib/gcc/avr/4.5.1/avr25/libgcc.a(_lt_sf.o)
 .debug_pubnames
                0x000000c8       0x20 /usr/local/CrossPack-AVR-20120217/lib/gcc/avr/4.5.1/avr25/libgcc.a(_sf_to_si.o)
 .debug_pubnames
                0x000000e8       0x22 /usr/local/CrossPack-AVR-20120217/lib/gcc/avr/4.5.1/avr25/libgcc.a(_thenan_sf.o)
 .debug_pubnames
                0x0000010a       0x1f /usr/local/CrossPack-AVR-20120217/lib/gcc/avr/4.5.1/avr25/libgcc.a(_pack_sf.o)
 .debug_pubnames
                0x00000129       0x21 /usr/local/CrossPack-AVR-20120217/lib/gcc/avr/4.5.1/avr25/libgcc.a(_unpack_sf.o)
 .debug_pubnames
                0x0000014a       0x26 /usr/local/CrossPack-AVR-20120217/lib/gcc/avr/4.5.1/avr25/libgcc.a(_fpcmp_parts_sf.o)

.debug_info     0x00000000     0x1bc1
 *(.debug_info)
 .debug_info    0x00000000       0xbd /usr/local/CrossPack-AVR-20120217/lib/gcc/avr/4.5.1/avr25/libgcc.a(_fixunssfsi.o)
 .debug_info    0x000000bd      0x455 /usr/local/CrossPack-AVR-20120217/lib/gcc/avr/4.5.1/avr25/libgcc.a(_addsub_sf.o)
 .debug_info    0x00000512      0x3ec /usr/local/CrossPack-AVR-20120217/lib/gcc/avr/4.5.1/avr25/libgcc.a(_mul_sf.o)
 .debug_info    0x000008fe      0x28a /usr/local/CrossPack-AVR-20120217/lib/gcc/avr/4.5.1/avr25/libgcc.a(_gt_sf.o)
 .debug_info    0x00000b88      0x28a /usr/local/CrossPack-AVR-20120217/lib/gcc/avr/4.5.1/avr25/libgcc.a(_ge_sf.o)
 .debug_info    0x00000e12      0x28a /usr/local/CrossPack-AVR-20120217/lib/gcc/avr/4.5.1/avr25/libgcc.a(_lt_sf.o)
 .debug_info    0x0000109c      0x2a5 /usr/local/CrossPack-AVR-20120217/lib/gcc/avr/4.5.1/avr25/libgcc.a(_sf_to_si.o)
 .debug_info    0x00001341      0x15e /usr/local/CrossPack-AVR-20120217/lib/gcc/avr/4.5.1/avr25/libgcc.a(_thenan_sf.o)
 .debug_info    0x0000149f      0x2d5 /usr/local/CrossPack-AVR-20120217/lib/gcc/avr/4.5.1/avr25/libgcc.a(_pack_sf.o)
 .debug_info    0x00001774      0x25c /usr/local/CrossPack-AVR-20120217/lib/gcc/avr/4.5.1/avr25/libgcc.a(_unpack_sf.o)
 .debug_info    0x000019d0      0x1f1 /usr/local/CrossPack-AVR-20120217/lib/gcc/avr/4.5.1/avr25/libgcc.a(_fpcmp_parts_sf.o)
 *(.gnu.linkonce.wi.*)

.debug_abbrev   0x00000000      0xdeb
 *(.debug_abbrev)
 .debug_abbrev  0x00000000       0x5d /usr/local/CrossPack-AVR-20120217/lib/gcc/avr/4.5.1/avr25/libgcc.a(_fixunssfsi.o)
 .debug_abbrev  0x0000005d      0x1af /usr/local/CrossPack-AVR-20120217/lib/gcc/avr/4.5.1/avr25/libgcc.a(_addsub_sf.o)
 .debug_abbrev  0x0000020c      0x1d9 /usr/local/CrossPack-AVR-20120217/lib/gcc/avr/4.5.1/avr25/libgcc.a(_mul_sf.o)
 .debug_abbrev  0x000003e5      0x151 /usr/local/CrossPack-AVR-20120217/lib/gcc/avr/4.5.1/avr25/libgcc.a(_gt_sf.o)
 .debug_abbrev  0x00000536      0x151 /usr/local/CrossPack-AVR-20120217/lib/gcc/avr/4.5.1/avr25/libgcc.a(_ge_sf.o)
 .debug_abbrev  0x00000687      0x151 /usr/local/CrossPack-AVR-20120217/lib/gcc/avr/4.5.1/avr25/libgcc.a(_lt_sf.o)
 .debug_abbrev  0x000007d8      0x160 /usr/local/CrossPack-AVR-20120217/lib/gcc/avr/4.5.1/avr25/libgcc.a(_sf_to_si.o)
 .debug_abbrev  0x00000938       0xcb /usr/local/CrossPack-AVR-20120217/lib/gcc/avr/4.5.1/avr25/libgcc.a(_thenan_sf.o)
 .debug_abbrev  0x00000a03      0x192 /usr/local/CrossPack-AVR-20120217/lib/gcc/avr/4.5.1/avr25/libgcc.a(_pack_sf.o)
 .debug_abbrev  0x00000b95      0x14b /usr/local/CrossPack-AVR-20120217/lib/gcc/avr/4.5.1/avr25/libgcc.a(_unpack_sf.o)
 .debug_abbrev  0x00000ce0      0x10b /usr/local/CrossPack-AVR-20120217/lib/gcc/avr/4.5.1/avr25/libgcc.a(_fpcmp_parts_sf.o)

.debug_line     0x00000000      0xe40
 *(.debug_line)
 .debug_line    0x00000000       0x9d /usr/local/CrossPack-AVR-20120217/lib/gcc/avr/4.5.1/avr25/libgcc.a(_fixunssfsi.o)
 .debug_line    0x0000009d      0x2c2 /usr/local/CrossPack-AVR-20120217/lib/gcc/avr/4.5.1/avr25/libgcc.a(_addsub_sf.o)
 .debug_line    0x0000035f      0x25e /usr/local/CrossPack-AVR-20120217/lib/gcc/avr/4.5.1/avr25/libgcc.a(_mul_sf.o)
 .debug_line    0x000005bd       0xd9 /usr/local/CrossPack-AVR-20120217/lib/gcc/avr/4.5.1/avr25/libgcc.a(_gt_sf.o)
 .debug_line    0x00000696       0xd9 /usr/local/CrossPack-AVR-20120217/lib/gcc/avr/4.5.1/avr25/libgcc.a(_ge_sf.o)
 .debug_line    0x0000076f       0xd9 /usr/local/CrossPack-AVR-20120217/lib/gcc/avr/4.5.1/avr25/libgcc.a(_lt_sf.o)
 .debug_line    0x00000848      0x113 /usr/local/CrossPack-AVR-20120217/lib/gcc/avr/4.5.1/avr25/libgcc.a(_sf_to_si.o)
 .debug_line    0x0000095b       0x86 /usr/local/CrossPack-AVR-20120217/lib/gcc/avr/4.5.1/avr25/libgcc.a(_thenan_sf.o)
 .debug_line    0x000009e1      0x1c9 /usr/local/CrossPack-AVR-20120217/lib/gcc/avr/4.5.1/avr25/libgcc.a(_pack_sf.o)
 .debug_line    0x00000baa      0x149 /usr/local/CrossPack-AVR-20120217/lib/gcc/avr/4.5.1/avr25/libgcc.a(_unpack_sf.o)
 .debug_line    0x00000cf3      0x14d /usr/local/CrossPack-AVR-20120217/lib/gcc/avr/4.5.1/avr25/libgcc.a(_fpcmp_parts_sf.o)

.debug_frame    0x00000000      0x160
 *(.debug_frame)
 .debug_frame   0x00000000       0x20 /usr/local/CrossPack-AVR-20120217/lib/gcc/avr/4.5.1/avr25/libgcc.a(_fixunssfsi.o)
 .debug_frame   0x00000020       0x40 /usr/local/CrossPack-AVR-20120217/lib/gcc/avr/4.5.1/avr25/libgcc.a(_addsub_sf.o)
 .debug_frame   0x00000060       0x20 /usr/local/CrossPack-AVR-20120217/lib/gcc/avr/4.5.1/avr25/libgcc.a(_mul_sf.o)
 .debug_frame   0x00000080       0x20 /usr/local/CrossPack-AVR-20120217/lib/gcc/avr/4.5.1/avr25/libgcc.a(_gt_sf.o)
 .debug_frame   0x000000a0       0x20 /usr/local/CrossPack-AVR-20120217/lib/gcc/avr/4.5.1/avr25/libgcc.a(_ge_sf.o)
 .debug_frame   0x000000c0       0x20 /usr/local/CrossPack-AVR-20120217/lib/gcc/avr/4.5.1/avr25/libgcc.a(_lt_sf.o)
 .debug_frame   0x000000e0       0x20 /usr/local/CrossPack-AVR-20120217/lib/gcc/avr/4.5.1/avr25/libgcc.a(_sf_to_si.o)
 .debug_frame   0x00000100       0x20 /usr/local/CrossPack-AVR-20120217/lib/gcc/avr/4.5.1/avr25/libgcc.a(_pack_sf.o)
 .debug_frame   0x00000120       0x20 /usr/local/CrossPack-AVR-20120217/lib/gcc/avr/4.5.1/avr25/libgcc.a(_unpack_sf.o)
 .debug_frame   0x00000140       0x20 /usr/local/CrossPack-AVR-20120217/lib/gcc/avr/4.5.1/avr25/libgcc.a(_fpcmp_parts_sf.o)

.debug_str      0x00000000      0x2cc
 *(.debug_str)
 .debug_str     0x00000000       0xf6 /usr/local/CrossPack-AVR-20120217/lib/gcc/avr/4.5.1/avr25/libgcc.a(_fixunssfsi.o)
                                0x13c (size before relaxing)
 .debug_str     0x000000f6      0x155 /usr/local/CrossPack-AVR-20120217/lib/gcc/avr/4.5.1/avr25/libgcc.a(_addsub_sf.o)
                                0x24f (size before relaxing)
 .debug_str     0x0000024b       0x27 /usr/local/CrossPack-AVR-20120217/lib/gcc/avr/4.5.1/avr25/libgcc.a(_mul_sf.o)
                                0x208 (size before relaxing)
 .debug_str     0x00000272        0xf /usr/local/CrossPack-AVR-20120217/lib/gcc/avr/4.5.1/avr25/libgcc.a(_gt_sf.o)
                                0x1d6 (size before relaxing)
 .debug_str     0x00000281        0x8 /usr/local/CrossPack-AVR-20120217/lib/gcc/avr/4.5.1/avr25/libgcc.a(_ge_sf.o)
                                0x1d6 (size before relaxing)
 .debug_str     0x00000289        0x8 /usr/local/CrossPack-AVR-20120217/lib/gcc/avr/4.5.1/avr25/libgcc.a(_lt_sf.o)
                                0x1d6 (size before relaxing)
 .debug_str     0x00000291        0xa /usr/local/CrossPack-AVR-20120217/lib/gcc/avr/4.5.1/avr25/libgcc.a(_sf_to_si.o)
                                0x1df (size before relaxing)
 .debug_str     0x00000000      0x181 /usr/local/CrossPack-AVR-20120217/lib/gcc/avr/4.5.1/avr25/libgcc.a(_thenan_sf.o)
 .debug_str     0x0000029b       0x16 /usr/local/CrossPack-AVR-20120217/lib/gcc/avr/4.5.1/avr25/libgcc.a(_pack_sf.o)
                                0x1de (size before relaxing)
 .debug_str     0x000002b1        0xb /usr/local/CrossPack-AVR-20120217/lib/gcc/avr/4.5.1/avr25/libgcc.a(_unpack_sf.o)
                                0x1c0 (size before relaxing)
 .debug_str     0x000002bc       0x10 /usr/local/CrossPack-AVR-20120217/lib/gcc/avr/4.5.1/avr25/libgcc.a(_fpcmp_parts_sf.o)
                                0x1a4 (size before relaxing)

.debug_loc      0x00000000      0xa5a
 *(.debug_loc)
 .debug_loc     0x00000000       0x34 /usr/local/CrossPack-AVR-20120217/lib/gcc/avr/4.5.1/avr25/libgcc.a(_fixunssfsi.o)
 .debug_loc     0x00000034      0x31d /usr/local/CrossPack-AVR-20120217/lib/gcc/avr/4.5.1/avr25/libgcc.a(_addsub_sf.o)
 .debug_loc     0x00000351      0x2a4 /usr/local/CrossPack-AVR-20120217/lib/gcc/avr/4.5.1/avr25/libgcc.a(_mul_sf.o)
 .debug_loc     0x000005f5       0x48 /usr/local/CrossPack-AVR-20120217/lib/gcc/avr/4.5.1/avr25/libgcc.a(_gt_sf.o)
 .debug_loc     0x0000063d       0x48 /usr/local/CrossPack-AVR-20120217/lib/gcc/avr/4.5.1/avr25/libgcc.a(_ge_sf.o)
 .debug_loc     0x00000685       0x48 /usr/local/CrossPack-AVR-20120217/lib/gcc/avr/4.5.1/avr25/libgcc.a(_lt_sf.o)
 .debug_loc     0x000006cd       0x56 /usr/local/CrossPack-AVR-20120217/lib/gcc/avr/4.5.1/avr25/libgcc.a(_sf_to_si.o)
 .debug_loc     0x00000723      0x1d6 /usr/local/CrossPack-AVR-20120217/lib/gcc/avr/4.5.1/avr25/libgcc.a(_pack_sf.o)
 .debug_loc     0x000008f9      0x111 /usr/local/CrossPack-AVR-20120217/lib/gcc/avr/4.5.1/avr25/libgcc.a(_unpack_sf.o)
 .debug_loc     0x00000a0a       0x50 /usr/local/CrossPack-AVR-20120217/lib/gcc/avr/4.5.1/avr25/libgcc.a(_fpcmp_parts_sf.o)

.debug_macinfo
 *(.debug_macinfo)
OUTPUT(transmit_tiny.elf elf32-avr)
LOAD linker stubs

.debug_pubtypes
                0x00000000      0x55d
 .debug_pubtypes
                0x00000000       0x34 /usr/local/CrossPack-AVR-20120217/lib/gcc/avr/4.5.1/avr25/libgcc.a(_fixunssfsi.o)
 .debug_pubtypes
                0x00000034       0x9d /usr/local/CrossPack-AVR-20120217/lib/gcc/avr/4.5.1/avr25/libgcc.a(_addsub_sf.o)
 .debug_pubtypes
                0x000000d1       0x86 /usr/local/CrossPack-AVR-20120217/lib/gcc/avr/4.5.1/avr25/libgcc.a(_mul_sf.o)
 .debug_pubtypes
                0x00000157       0x91 /usr/local/CrossPack-AVR-20120217/lib/gcc/avr/4.5.1/avr25/libgcc.a(_gt_sf.o)
 .debug_pubtypes
                0x000001e8       0x91 /usr/local/CrossPack-AVR-20120217/lib/gcc/avr/4.5.1/avr25/libgcc.a(_ge_sf.o)
 .debug_pubtypes
                0x00000279       0x91 /usr/local/CrossPack-AVR-20120217/lib/gcc/avr/4.5.1/avr25/libgcc.a(_lt_sf.o)
 .debug_pubtypes
                0x0000030a       0x91 /usr/local/CrossPack-AVR-20120217/lib/gcc/avr/4.5.1/avr25/libgcc.a(_sf_to_si.o)
 .debug_pubtypes
                0x0000039b       0x5b /usr/local/CrossPack-AVR-20120217/lib/gcc/avr/4.5.1/avr25/libgcc.a(_thenan_sf.o)
 .debug_pubtypes
                0x000003f6       0x86 /usr/local/CrossPack-AVR-20120217/lib/gcc/avr/4.5.1/avr25/libgcc.a(_pack_sf.o)
 .debug_pubtypes
                0x0000047c       0x86 /usr/local/CrossPack-AVR-20120217/lib/gcc/avr/4.5.1/avr25/libgcc.a(_unpack_sf.o)
 .debug_pubtypes
                0x00000502       0x5b /usr/local/CrossPack-AVR-20120217/lib/gcc/avr/4.5.1/avr25/libgcc.a(_fpcmp_parts_sf.o)

.debug_ranges   0x00000000       0x30
 .debug_ranges  0x00000000       0x30 /usr/local/CrossPack-AVR-20120217/lib/gcc/avr/4.5.1/avr25/libgcc.a(_mul_sf.o)
